20160604143017
20160604143149
20160604144257
$ git clone "https://richtestani:CP8-pyQ-xmB-sY7@github.com/richtestani/GH.git" "/srv/www/ghcollectables.com/x/gh/releases/20160604150449" --branch="master" --depth="1"
git clone "https://richtestani:CP8-pyQ-xmB-sY7@github.com/richtestani/GH.git" "/srv/www/ghcollectables.com/x/gh/releases/20160604150449" --branch="master" --depth="1"
Cloning into '/srv/www/ghcollectables.com/x/gh/releases/20160604150449'...
$ cd /srv/www/ghcollectables.com/x/gh/releases/20160604150449
$ git submodule update --init --recursive
cd /srv/www/ghcollectables.com/x/gh/releases/20160604150449
git submodule update --init --recursive




$ cd /srv/www/ghcollectables.com/x/gh/releases/20160604150449
$ composer install --no-interaction --no-dev --prefer-dist
cd /srv/www/ghcollectables.com/x/gh/releases/20160604150449
composer install --no-interaction --no-dev --prefer-dist
bash: composer: command not found
